// Vitest Snapshot v1, https://vitest.dev/guide/snapshot.html

exports[`controlled mutations of official PlantUML examples > matches the recorded official renderer inputs and repair outcomes 1`] = `
{
  "changedRepairs": [],
  "detected": 82,
  "incompleteRepairs": [
    "class-10-misspelled-declaration:individual:0",
    "class-11-misspelled-declaration:individual:0",
    "class-12-misspelled-declaration:individual:0",
    "class-13-misspelled-declaration:individual:0",
    "class-14-misspelled-declaration:individual:0",
    "class-15-misspelled-declaration:individual:0",
    "class-17-misspelled-declaration:individual:0",
    "class-18-misspelled-declaration:individual:0",
    "class-19-misspelled-declaration:individual:0",
    "class-22-misspelled-declaration:individual:0",
    "class-23-misspelled-declaration:individual:0",
    "class-25-misspelled-declaration:individual:0",
    "class-26-misspelled-declaration:individual:0",
    "class-27-misspelled-declaration:individual:0",
    "class-38-misspelled-declaration:individual:0",
    "class-43-misspelled-declaration:individual:0",
    "class-44-misspelled-declaration:individual:0",
    "class-50-misspelled-declaration:individual:0",
    "class-51-misspelled-declaration:individual:0",
    "class-52-misspelled-declaration:individual:0",
    "class-59-misspelled-declaration:individual:0",
    "class-69-misspelled-declaration:individual:0",
    "class-70-misspelled-declaration:individual:0",
    "class-76-misspelled-declaration:individual:0",
    "class-77-misspelled-declaration:individual:0",
    "class-78-misspelled-declaration:individual:0",
  ],
  "missed": [
    "class-1-unknown-command",
    "class-1-misspelled-declaration",
    "class-2-unknown-command",
    "class-3-unknown-command",
    "class-4-unknown-command",
    "class-5-unknown-command",
    "class-6-unknown-command",
    "class-6-misspelled-declaration",
    "class-7-unknown-command",
    "class-7-misspelled-declaration",
    "class-8-unknown-command",
    "class-8-misspelled-declaration",
    "class-9-unknown-command",
    "class-10-unknown-command",
    "class-11-unknown-command",
    "class-12-unknown-command",
    "class-13-unknown-command",
    "class-14-unknown-command",
    "class-15-unknown-command",
    "class-16-unknown-command",
    "class-17-unknown-command",
    "class-18-unknown-command",
    "class-19-unknown-command",
    "class-20-unknown-command",
    "class-20-misspelled-declaration",
    "class-21-unknown-command",
    "class-22-unknown-command",
    "class-23-unknown-command",
    "class-24-unknown-command",
    "class-24-misspelled-declaration",
    "class-25-unknown-command",
    "class-26-unknown-command",
    "class-27-unknown-command",
    "class-28-unknown-command",
    "class-28-misspelled-declaration",
    "class-29-unknown-command",
    "class-29-misspelled-declaration",
    "class-30-unknown-command",
    "class-30-misspelled-declaration",
    "class-31-unknown-command",
    "class-31-misspelled-declaration",
    "class-32-unknown-command",
    "class-32-misspelled-declaration",
    "class-33-unknown-command",
    "class-33-misspelled-declaration",
    "class-34-unknown-command",
    "class-34-misspelled-declaration",
    "class-35-unknown-command",
    "class-35-misspelled-declaration",
    "class-36-unknown-command",
    "class-36-misspelled-declaration",
    "class-37-unknown-command",
    "class-37-misspelled-declaration",
    "class-38-unknown-command",
    "class-39-unknown-command",
    "class-39-misspelled-declaration",
    "class-40-unknown-command",
    "class-41-unknown-command",
    "class-41-misspelled-declaration",
    "class-42-unknown-command",
    "class-42-misspelled-declaration",
    "class-43-unknown-command",
    "class-44-unknown-command",
    "class-45-unknown-command",
    "class-45-misspelled-declaration",
    "class-46-unknown-command",
    "class-47-unknown-command",
    "class-48-unknown-command",
    "class-49-unknown-command",
    "class-50-unknown-command",
    "class-51-unknown-command",
    "class-52-unknown-command",
    "class-53-unknown-command",
    "class-53-missing-closing-brace",
    "class-53-duplicated-closing-brace",
    "class-54-unknown-command",
    "class-54-missing-closing-brace",
    "class-54-duplicated-closing-brace",
    "class-54-misspelled-declaration",
    "class-55-unknown-command",
    "class-55-misspelled-declaration",
    "class-56-unknown-command",
    "class-56-misspelled-declaration",
    "class-57-unknown-command",
    "class-57-misspelled-declaration",
    "class-58-unknown-command",
    "class-58-misspelled-declaration",
    "class-59-unknown-command",
    "class-60-unknown-command",
    "class-60-misspelled-declaration",
    "class-61-unknown-command",
    "class-61-misspelled-declaration",
    "class-62-unknown-command",
    "class-62-misspelled-declaration",
    "class-63-unknown-command",
    "class-63-misspelled-declaration",
    "class-64-unknown-command",
    "class-64-misspelled-declaration",
    "class-65-unknown-command",
    "class-65-misspelled-declaration",
    "class-66-unknown-command",
    "class-66-misspelled-declaration",
    "class-67-unknown-command",
    "class-67-misspelled-declaration",
    "class-68-unknown-command",
    "class-68-misspelled-declaration",
    "class-69-unknown-command",
    "class-70-unknown-command",
    "class-71-unknown-command",
    "class-72-unknown-command",
    "class-73-unknown-command",
    "class-74-unknown-command",
    "class-75-unknown-command",
    "class-75-missing-closing-brace",
    "class-75-duplicated-closing-brace",
    "class-75-misspelled-declaration",
    "class-76-unknown-command",
    "class-77-unknown-command",
    "class-78-unknown-command",
    "class-79-unknown-command",
    "class-80-unknown-command",
    "class-80-misspelled-declaration",
    "class-81-unknown-command",
    "class-81-misspelled-declaration",
    "class-82-unknown-command",
    "class-82-misspelled-declaration",
    "class-83-unknown-command",
    "class-83-misspelled-declaration",
    "class-84-unknown-command",
    "class-84-misspelled-declaration",
    "class-85-unknown-command",
    "class-85-misspelled-declaration",
    "class-86-unknown-command",
    "class-86-misspelled-declaration",
    "usecase-1-unknown-command",
    "usecase-1-misspelled-declaration",
    "usecase-2-unknown-command",
    "usecase-2-misspelled-declaration",
    "usecase-3-unknown-command",
    "usecase-4-unknown-command",
    "usecase-5-unknown-command",
    "usecase-6-unknown-command",
    "usecase-6-misspelled-declaration",
    "usecase-7-unknown-command",
    "usecase-7-misspelled-declaration",
    "usecase-8-unknown-command",
    "usecase-9-unknown-command",
    "usecase-10-unknown-command",
    "usecase-11-unknown-command",
    "usecase-12-unknown-command",
    "usecase-13-unknown-command",
    "usecase-14-unknown-command",
    "usecase-15-unknown-command",
    "usecase-16-unknown-command",
    "usecase-17-unknown-command",
    "usecase-18-unknown-command",
    "usecase-19-unknown-command",
    "usecase-20-unknown-command",
    "usecase-21-unknown-command",
    "usecase-21-missing-closing-brace",
    "usecase-21-duplicated-closing-brace",
    "usecase-22-unknown-command",
    "usecase-22-misspelled-declaration",
    "usecase-23-unknown-command",
    "usecase-23-misspelled-declaration",
    "usecase-24-unknown-command",
    "usecase-24-misspelled-declaration",
    "usecase-25-unknown-command",
    "usecase-25-misspelled-declaration",
    "usecase-26-unknown-command",
    "usecase-26-misspelled-declaration",
    "usecase-27-unknown-command",
    "usecase-27-missing-closing-brace",
    "usecase-27-duplicated-closing-brace",
    "usecase-27-misspelled-declaration",
  ],
  "rejected": 257,
}
`;
